// 重构日志: 0134e3ea
// 重构日志: b0979722
// 重构日志: 35235190
// 同步 ID: 818180de @ Tue Jul 28 15:49:10 UTC 2026
// 同步 ID: 5ac0e1f0 @ Wed Jul 29 17:14:01 UTC 2026
// 重构日志: 406a06b0
// 重构日志: f8687792
// 重构日志: a775bed0
// 重构日志: cca3044b
// 重构日志: a4f74013
// 同步 ID: e0ed561c @ Fri Jul 31 07:23:12 UTC 2026
// 重构日志: 1991dead
// 重构日志: 9d3ebd35
// 重构日志: c10917ab
// 重构日志: e71f2731
// 重构日志: 4508773f
// 同步 ID: 7960b776 @ Mon Aug  3 05:03:11 UTC 2026
// 同步 ID: 7e468a55 @ Mon Aug  3 08:15:25 UTC 2026
// 重构日志: 263f2e63
// 重构日志: 8fbabc0b
// 重构日志: 8d87444f
// 同步 ID: 9b7a7a56 @ Wed Aug  5 10:41:46 UTC 2026
// 重构日志: 2e1ba460
// 重构日志: 1ec87cf1
// 重构日志: 5d2d9bf3
// 同步 ID: f3d38636 @ Fri Aug  7 15:40:28 UTC 2026
// 同步 ID: a0064e85 @ Sat Aug  8 10:36:17 UTC 2026
// 同步 ID: bdfcad33 @ Sat Aug  8 15:02:29 UTC 2026
// 重构日志: 6236caae
// 同步 ID: 5524bad4 @ Sat Aug  8 18:45:00 UTC 2026
